// Jest Snapshot v1, https://goo.gl/fbAQLP

exports[`renders correctly 1`] = `
<View>
  <View
    accessibilityIgnoresInvertColors={true}
    style={
      Object {
        "height": "100%",
        "justifyContent": "center",
        "resizeMode": "cover",
        "width": "100%",
      }
    }
  >
    <Image
      source={
        Object {
          "uri": "https://images.unsplash.com/photo-1559406041-c7d2b2e98690?ixlib=rb-1.2.1&ixid=eyJhcHBfaWQiOjEyMDd9&auto=format&fit=crop&w=668&q=80",
        }
      }
      style={
        Array [
          Object {
            "bottom": 0,
            "left": 0,
            "position": "absolute",
            "right": 0,
            "top": 0,
          },
          Object {
            "height": "100%",
            "width": "100%",
          },
          undefined,
        ]
      }
    />
    <View
      style={
        Object {
          "alignItems": "center",
          "flex": 1,
          "margin": 10,
          "maxHeight": "10%",
          "padding": 10,
        }
      }
    >
      <Text
        style={
          Object {
            "color": "lightgray",
            "fontSize": 30,
          }
        }
      >
        Login here
      </Text>
      <Text
        style={
          Object {
            "color": "lightgray",
            "fontSize": 30,
          }
        }
      >
        email:
      </Text>
      <TextInput
        allowFontScaling={true}
        onChangeText={[Function]}
        placeholder="email"
        rejectResponderTermination={true}
        style={
          Object {
            "backgroundColor": "white",
            "borderRadius": 3,
            "height": "70%",
            "width": "50%",
          }
        }
        underlineColorAndroid="transparent"
        value=""
      />
      <Text
        style={
          Object {
            "color": "lightgray",
            "fontSize": 30,
          }
        }
      >
        password:
      </Text>
      <TextInput
        allowFontScaling={true}
        onChangeText={[Function]}
        placeholder="password"
        rejectResponderTermination={true}
        secureTextEntry={true}
        style={
          Object {
            "backgroundColor": "white",
            "borderRadius": 3,
            "height": "70%",
            "width": "50%",
          }
        }
        underlineColorAndroid="transparent"
        value=""
      />
    </View>
  </View>
</View>
`;
